   ▲ Next.js 15.5.22
   - Local:        http://localhost:3999
   - Network:      http://192.168.101.4:3999
   - Environments: .env.local, .env
   - Experiments (use with caution):
     · cpus: 2

 ✓ Starting...
 ✓ Ready in 3.9s
 ○ Compiling /api/banners ...
 ✓ Compiled /api/banners in 2.2s (316 modules)
(node:49368) Warning: SECURITY WARNING: The SSL modes 'prefer', 'require', and 'verify-ca' are treated as aliases for 'verify-full'.
In the next major version (pg-connection-string v3.0.0 and pg v9.0.0), these modes will adopt standard libpq semantics, which have weaker security guarantees.

To prepare for this change:
- If you want the current behavior, explicitly use 'sslmode=verify-full'
- If you want libpq compatibility now, use 'uselibpqcompat=true&sslmode=require'

See https://www.postgresql.org/docs/current/libpq-ssl.html for libpq SSL mode definitions.
(Use `node --trace-warnings ...` to show where the warning was created)
 GET /api/banners 200 in 4261ms
 ○ Compiling /api/auth/[...nextauth] ...
 ✓ Compiled /api/auth/[...nextauth] in 1197ms (525 modules)
[31m[auth][error][0m MissingCSRF: CSRF token was missing during an action callback. Read more at https://errors.authjs.dev#missingcsrf
    at validateCSRF (webpack-internal:///(rsc)/./node_modules/@auth/core/lib/actions/callback/oauth/csrf-token.js:45:11)
    at AuthInternal (webpack-internal:///(rsc)/./node_modules/@auth/core/lib/index.js:69:104)
    at async Auth (webpack-internal:///(rsc)/./node_modules/@auth/core/index.js:130:34)
    at async AppRouteRouteModule.do (C:\Users\Juan\Downloads\balkrann.framer.website-framer-full-20260803010603\node_modules\next\dist\compiled\next-server\app-route.runtime.dev.js:5:38833)
    at async AppRouteRouteModule.handle (C:\Users\Juan\Downloads\balkrann.framer.website-framer-full-20260803010603\node_modules\next\dist\compiled\next-server\app-route.runtime.dev.js:5:46115)
    at async responseGenerator (webpack-internal:///(rsc)/./node_modules/next/dist/build/webpack/loaders/next-app-loader/index.js?name=app%2Fapi%2Fauth%2F%5B...nextauth%5D%2Froute&page=%2Fapi%2Fauth%2F%5B...nextauth%5D%2Froute&appPaths=&pagePath=private-next-app-dir%2Fapi%2Fauth%2F%5B...nextauth%5D%2Froute.ts&appDir=C%3A%5CUsers%5CJuan%5CDownloads%5Cbalkrann.framer.website-framer-full-20260803010603%5Capp&pageExtensions=tsx&pageExtensions=ts&pageExtensions=jsx&pageExtensions=js&rootDir=C%3A%5CUsers%5CJuan%5CDownloads%5Cbalkrann.framer.website-framer-full-20260803010603&isDev=true&tsconfigPath=tsconfig.json&basePath=&assetPrefix=&nextConfigOutput=&preferredRegion=&middlewareConfig=e30%3D&isGlobalNotFoundEnabled=!:206:38)
    at async AppRouteRouteModule.handleResponse (C:\Users\Juan\Downloads\balkrann.framer.website-framer-full-20260803010603\node_modules\next\dist\compiled\next-server\app-route.runtime.dev.js:1:195894)
    at async handleResponse (webpack-internal:///(rsc)/./node_modules/next/dist/build/webpack/loaders/next-app-loader/index.js?name=app%2Fapi%2Fauth%2F%5B...nextauth%5D%2Froute&page=%2Fapi%2Fauth%2F%5B...nextauth%5D%2Froute&appPaths=&pagePath=private-next-app-dir%2Fapi%2Fauth%2F%5B...nextauth%5D%2Froute.ts&appDir=C%3A%5CUsers%5CJuan%5CDownloads%5Cbalkrann.framer.website-framer-full-20260803010603%5Capp&pageExtensions=tsx&pageExtensions=ts&pageExtensions=jsx&pageExtensions=js&rootDir=C%3A%5CUsers%5CJuan%5CDownloads%5Cbalkrann.framer.website-framer-full-20260803010603&isDev=true&tsconfigPath=tsconfig.json&basePath=&assetPrefix=&nextConfigOutput=&preferredRegion=&middlewareConfig=e30%3D&isGlobalNotFoundEnabled=!:268:32)
    at async handler (webpack-internal:///(rsc)/./node_modules/next/dist/build/webpack/loaders/next-app-loader/index.js?name=app%2Fapi%2Fauth%2F%5B...nextauth%5D%2Froute&page=%2Fapi%2Fauth%2F%5B...nextauth%5D%2Froute&appPaths=&pagePath=private-next-app-dir%2Fapi%2Fauth%2F%5B...nextauth%5D%2Froute.ts&appDir=C%3A%5CUsers%5CJuan%5CDownloads%5Cbalkrann.framer.website-framer-full-20260803010603%5Capp&pageExtensions=tsx&pageExtensions=ts&pageExtensions=jsx&pageExtensions=js&rootDir=C%3A%5CUsers%5CJuan%5CDownloads%5Cbalkrann.framer.website-framer-full-20260803010603&isDev=true&tsconfigPath=tsconfig.json&basePath=&assetPrefix=&nextConfigOutput=&preferredRegion=&middlewareConfig=e30%3D&isGlobalNotFoundEnabled=!:320:13)
    at async DevServer.renderToResponseWithComponentsImpl (C:\Users\Juan\Downloads\balkrann.framer.website-framer-full-20260803010603\node_modules\next\dist\server\base-server.js:1430:9)
    at async DevServer.renderPageComponent (C:\Users\Juan\Downloads\balkrann.framer.website-framer-full-20260803010603\node_modules\next\dist\server\base-server.js:1482:24)
    at async DevServer.renderToResponseImpl (C:\Users\Juan\Downloads\balkrann.framer.website-framer-full-20260803010603\node_modules\next\dist\server\base-server.js:1522:32)
    at async DevServer.pipeImpl (C:\Users\Juan\Downloads\balkrann.framer.website-framer-full-20260803010603\node_modules\next\dist\server\base-server.js:1026:25)
    at async NextNodeServer.handleCatchallRenderRequest (C:\Users\Juan\Downloads\balkrann.framer.website-framer-full-20260803010603\node_modules\next\dist\server\next-server.js:394:17)
    at async DevServer.handleRequestImpl (C:\Users\Juan\Downloads\balkrann.framer.website-framer-full-20260803010603\node_modules\next\dist\server\base-server.js:917:17)
    at async C:\Users\Juan\Downloads\balkrann.framer.website-framer-full-20260803010603\node_modules\next\dist\server\dev\next-dev-server.js:400:20
    at async Span.traceAsyncFn (C:\Users\Juan\Downloads\balkrann.framer.website-framer-full-20260803010603\node_modules\next\dist\trace\trace.js:157:20)
    at async DevServer.handleRequest (C:\Users\Juan\Downloads\balkrann.framer.website-framer-full-20260803010603\node_modules\next\dist\server\dev\next-dev-server.js:396:24)
    at async invokeRender (C:\Users\Juan\Downloads\balkrann.framer.website-framer-full-20260803010603\node_modules\next\dist\server\lib\router-server.js:240:21)
    at async handleRequest (C:\Users\Juan\Downloads\balkrann.framer.website-framer-full-20260803010603\node_modules\next\dist\server\lib\router-server.js:437:24)
    at async requestHandlerImpl (C:\Users\Juan\Downloads\balkrann.framer.website-framer-full-20260803010603\node_modules\next\dist\server\lib\router-server.js:485:13)
    at async Server.requestListener (C:\Users\Juan\Downloads\balkrann.framer.website-framer-full-20260803010603\node_modules\next\dist\server\lib\start-server.js:226:13)
 POST /api/auth/callback/credentials 302 in 3263ms
 GET /api/auth/csrf 200 in 59ms
[31m[auth][error][0m MissingCSRF: CSRF token was missing during an action callback. Read more at https://errors.authjs.dev#missingcsrf
    at validateCSRF (webpack-internal:///(rsc)/./node_modules/@auth/core/lib/actions/callback/oauth/csrf-token.js:45:11)
    at AuthInternal (webpack-internal:///(rsc)/./node_modules/@auth/core/lib/index.js:69:104)
    at async Auth (webpack-internal:///(rsc)/./node_modules/@auth/core/index.js:130:34)
    at async AppRouteRouteModule.do (C:\Users\Juan\Downloads\balkrann.framer.website-framer-full-20260803010603\node_modules\next\dist\compiled\next-server\app-route.runtime.dev.js:5:38833)
    at async AppRouteRouteModule.handle (C:\Users\Juan\Downloads\balkrann.framer.website-framer-full-20260803010603\node_modules\next\dist\compiled\next-server\app-route.runtime.dev.js:5:46115)
    at async responseGenerator (webpack-internal:///(rsc)/./node_modules/next/dist/build/webpack/loaders/next-app-loader/index.js?name=app%2Fapi%2Fauth%2F%5B...nextauth%5D%2Froute&page=%2Fapi%2Fauth%2F%5B...nextauth%5D%2Froute&appPaths=&pagePath=private-next-app-dir%2Fapi%2Fauth%2F%5B...nextauth%5D%2Froute.ts&appDir=C%3A%5CUsers%5CJuan%5CDownloads%5Cbalkrann.framer.website-framer-full-20260803010603%5Capp&pageExtensions=tsx&pageExtensions=ts&pageExtensions=jsx&pageExtensions=js&rootDir=C%3A%5CUsers%5CJuan%5CDownloads%5Cbalkrann.framer.website-framer-full-20260803010603&isDev=true&tsconfigPath=tsconfig.json&basePath=&assetPrefix=&nextConfigOutput=&preferredRegion=&middlewareConfig=e30%3D&isGlobalNotFoundEnabled=!:206:38)
    at async AppRouteRouteModule.handleResponse (C:\Users\Juan\Downloads\balkrann.framer.website-framer-full-20260803010603\node_modules\next\dist\compiled\next-server\app-route.runtime.dev.js:1:195894)
    at async handleResponse (webpack-internal:///(rsc)/./node_modules/next/dist/build/webpack/loaders/next-app-loader/index.js?name=app%2Fapi%2Fauth%2F%5B...nextauth%5D%2Froute&page=%2Fapi%2Fauth%2F%5B...nextauth%5D%2Froute&appPaths=&pagePath=private-next-app-dir%2Fapi%2Fauth%2F%5B...nextauth%5D%2Froute.ts&appDir=C%3A%5CUsers%5CJuan%5CDownloads%5Cbalkrann.framer.website-framer-full-20260803010603%5Capp&pageExtensions=tsx&pageExtensions=ts&pageExtensions=jsx&pageExtensions=js&rootDir=C%3A%5CUsers%5CJuan%5CDownloads%5Cbalkrann.framer.website-framer-full-20260803010603&isDev=true&tsconfigPath=tsconfig.json&basePath=&assetPrefix=&nextConfigOutput=&preferredRegion=&middlewareConfig=e30%3D&isGlobalNotFoundEnabled=!:268:32)
    at async handler (webpack-internal:///(rsc)/./node_modules/next/dist/build/webpack/loaders/next-app-loader/index.js?name=app%2Fapi%2Fauth%2F%5B...nextauth%5D%2Froute&page=%2Fapi%2Fauth%2F%5B...nextauth%5D%2Froute&appPaths=&pagePath=private-next-app-dir%2Fapi%2Fauth%2F%5B...nextauth%5D%2Froute.ts&appDir=C%3A%5CUsers%5CJuan%5CDownloads%5Cbalkrann.framer.website-framer-full-20260803010603%5Capp&pageExtensions=tsx&pageExtensions=ts&pageExtensions=jsx&pageExtensions=js&rootDir=C%3A%5CUsers%5CJuan%5CDownloads%5Cbalkrann.framer.website-framer-full-20260803010603&isDev=true&tsconfigPath=tsconfig.json&basePath=&assetPrefix=&nextConfigOutput=&preferredRegion=&middlewareConfig=e30%3D&isGlobalNotFoundEnabled=!:320:13)
    at async DevServer.renderToResponseWithComponentsImpl (C:\Users\Juan\Downloads\balkrann.framer.website-framer-full-20260803010603\node_modules\next\dist\server\base-server.js:1430:9)
    at async DevServer.renderPageComponent (C:\Users\Juan\Downloads\balkrann.framer.website-framer-full-20260803010603\node_modules\next\dist\server\base-server.js:1482:24)
    at async DevServer.renderToResponseImpl (C:\Users\Juan\Downloads\balkrann.framer.website-framer-full-20260803010603\node_modules\next\dist\server\base-server.js:1522:32)
    at async DevServer.pipeImpl (C:\Users\Juan\Downloads\balkrann.framer.website-framer-full-20260803010603\node_modules\next\dist\server\base-server.js:1026:25)
    at async NextNodeServer.handleCatchallRenderRequest (C:\Users\Juan\Downloads\balkrann.framer.website-framer-full-20260803010603\node_modules\next\dist\server\next-server.js:394:17)
    at async DevServer.handleRequestImpl (C:\Users\Juan\Downloads\balkrann.framer.website-framer-full-20260803010603\node_modules\next\dist\server\base-server.js:917:17)
    at async C:\Users\Juan\Downloads\balkrann.framer.website-framer-full-20260803010603\node_modules\next\dist\server\dev\next-dev-server.js:400:20
    at async Span.traceAsyncFn (C:\Users\Juan\Downloads\balkrann.framer.website-framer-full-20260803010603\node_modules\next\dist\trace\trace.js:157:20)
    at async DevServer.handleRequest (C:\Users\Juan\Downloads\balkrann.framer.website-framer-full-20260803010603\node_modules\next\dist\server\dev\next-dev-server.js:396:24)
    at async invokeRender (C:\Users\Juan\Downloads\balkrann.framer.website-framer-full-20260803010603\node_modules\next\dist\server\lib\router-server.js:240:21)
    at async handleRequest (C:\Users\Juan\Downloads\balkrann.framer.website-framer-full-20260803010603\node_modules\next\dist\server\lib\router-server.js:437:24)
    at async requestHandlerImpl (C:\Users\Juan\Downloads\balkrann.framer.website-framer-full-20260803010603\node_modules\next\dist\server\lib\router-server.js:485:13)
    at async Server.requestListener (C:\Users\Juan\Downloads\balkrann.framer.website-framer-full-20260803010603\node_modules\next\dist\server\lib\start-server.js:226:13)
 POST /api/auth/callback/credentials 302 in 54ms
 GET /api/auth/csrf 200 in 49ms
 POST /api/auth/callback/credentials 302 in 1108ms
 ✓ Compiled /middleware in 360ms (232 modules)
 ✓ Compiled /api/admin/banners in 322ms (525 modules)
 POST /api/admin/banners 201 in 643ms
 ✓ Compiled /api/banners in 123ms (332 modules)
 GET /api/banners 200 in 294ms
 ✓ Compiled /api/admin/banners/[id] in 317ms (531 modules)
 PUT /api/admin/banners/cmsjzzdev00013cvm16u9bi6s 200 in 2097ms
 GET /api/banners 200 in 127ms
 DELETE /api/admin/banners/cmsjzzdev00013cvm16u9bi6s 200 in 705ms
 GET /api/banners 200 in 122ms
[?25h
